
============================================================
🚀 CoreStory Careers Server RUNNING
============================================================
🌐 Website:        http://localhost:8080/
📝 Apply Page:     http://localhost:8080/apply
🔐 Admin Login:    http://localhost:8080/admin
   Username:       Computer101
   Password:       Computer101
💾 Apps Stored:    3 total
📁 Uploads Dir:    C:\Users\user\Documents\trae_projects\employ\uploads
📧 Email Enabled:  NO (saved to dashboard only — set SMTP_PASS in .env)
============================================================


[2026-08-23T14:04:08.968Z] ===== server boot #1 =====

============================================================
🚀 CoreStory Careers Server RUNNING
============================================================
🌐 Website:        http://localhost:8080/
📝 Apply Page:     http://localhost:8080/apply
🔐 Admin Login:    http://localhost:8080/admin
   Username:       Computer101
   Password:       Computer101
💾 Apps Stored:    3 total
📁 Uploads Dir:    C:\Users\user\Documents\trae_projects\employ\uploads
📧 Email Enabled:  NO (saved to dashboard only — set SMTP_PASS in .env)
============================================================


[2026-08-24T00:16:49.833Z] ===== server boot #1 =====

============================================================
🚀 CoreStory Careers Server RUNNING
============================================================
🌐 Website:        http://localhost:8080/
📝 Apply Page:     http://localhost:8080/apply
🔐 Admin Login:    http://localhost:8080/admin
   Username:       Computer101
   Password:       Computer101
💾 Apps Stored:    3 total
📁 Uploads Dir:    C:\Users\user\Documents\trae_projects\employ\uploads
📧 Email Enabled:  NO (saved to dashboard only — set SMTP_PASS in .env)
============================================================


[2026-08-24T07:49:35.976Z] ===== server boot #1 =====

============================================================
🚀 CoreStory Careers Server RUNNING
============================================================
🌐 Website:        http://localhost:8080/
📝 Apply Page:     http://localhost:8080/apply
🔐 Admin Login:    http://localhost:8080/admin
   Username:       Computer101
   Password:       Computer101
💾 Apps Stored:    3 total
📁 Uploads Dir:    C:\Users\user\Documents\trae_projects\employ\uploads
📧 Email Enabled:  NO (saved to dashboard only — set SMTP_PASS in .env)
============================================================


============================================================
🚀 CoreStory Careers Server RUNNING
============================================================
🌐 Website:        http://localhost:8080/
📝 Apply Page:     http://localhost:8080/apply
🔐 Admin Login:    http://localhost:8080/admin
   Username:       Computer101
   Password:       Computer101
💾 Apps Stored:    4 total
📁 Uploads Dir:    C:\Users\user\Documents\trae_projects\employ\uploads
📧 Email Enabled:  NO (saved to dashboard only — set SMTP_PASS in .env)
============================================================


============================================================
🚀 CoreStory Careers Server RUNNING
============================================================
🌐 Website:        http://localhost:8080/
📝 Apply Page:     http://localhost:8080/apply
🔐 Admin Login:    http://localhost:8080/admin
   Username:       Computer101
   Password:       Computer101
💾 Apps Stored:    4 total
📁 Uploads Dir:    C:\Users\user\Documents\trae_projects\employ\uploads
📧 Email Enabled:  NO (saved to dashboard only — set SMTP_PASS in .env)
============================================================

