[2026-08-23T14:04:07.450Z] ====== WATCHDOG STARTING ======
[2026-08-23T14:04:07.458Z] Project dir: C:\Users\user\Documents\trae_projects\employ
[2026-08-23T14:04:07.460Z] Server entry: C:\Users\user\Documents\trae_projects\employ\server.js
[2026-08-23T14:04:07.461Z] Phase 1: cleaning port 8080
[2026-08-23T14:04:08.031Z] Killed old PID 14720 on port 8080
[2026-08-23T14:04:08.965Z] Launching node C:\Users\user\Documents\trae_projects\employ\server.js
[2026-08-23T14:04:09.020Z] Watchdog initialized. Event loop held permanently.
[2026-08-23T14:05:08.967Z] watchdog-keepalive — childRunning=true exitCount=0
[2026-08-23T14:06:08.976Z] watchdog-keepalive — childRunning=true exitCount=0
[2026-08-23T14:07:08.979Z] watchdog-keepalive — childRunning=true exitCount=0
[2026-08-23T14:08:08.993Z] watchdog-keepalive — childRunning=true exitCount=0
[2026-08-23T14:09:09.002Z] watchdog-keepalive — childRunning=true exitCount=0
[2026-08-23T14:10:09.009Z] watchdog-keepalive — childRunning=true exitCount=0
[2026-08-23T14:11:09.018Z] watchdog-keepalive — childRunning=true exitCount=0
[2026-08-23T14:12:09.025Z] watchdog-keepalive — childRunning=true exitCount=0
[2026-08-23T14:13:09.039Z] watchdog-keepalive — childRunning=true exitCount=0
[2026-08-23T14:14:09.052Z] watchdog-keepalive — childRunning=true exitCount=0
[2026-08-23T14:15:09.060Z] watchdog-keepalive — childRunning=true exitCount=0
[2026-08-23T14:16:09.066Z] watchdog-keepalive — childRunning=true exitCount=0
[2026-08-23T14:17:09.078Z] watchdog-keepalive — childRunning=true exitCount=0
[2026-08-23T14:18:09.079Z] watchdog-keepalive — childRunning=true exitCount=0
[2026-08-23T14:19:09.095Z] watchdog-keepalive — childRunning=true exitCount=0
[2026-08-23T14:20:09.099Z] watchdog-keepalive — childRunning=true exitCount=0
[2026-08-23T14:21:09.113Z] watchdog-keepalive — childRunning=true exitCount=0
[2026-08-23T14:22:09.119Z] watchdog-keepalive — childRunning=true exitCount=0
[2026-08-23T14:23:09.125Z] watchdog-keepalive — childRunning=true exitCount=0
[2026-08-23T14:24:09.125Z] watchdog-keepalive — childRunning=true exitCount=0
[2026-08-23T14:25:09.126Z] watchdog-keepalive — childRunning=true exitCount=0
[2026-08-23T14:26:09.126Z] watchdog-keepalive — childRunning=true exitCount=0
[2026-08-23T14:27:09.131Z] watchdog-keepalive — childRunning=true exitCount=0
[2026-08-23T14:28:09.134Z] watchdog-keepalive — childRunning=true exitCount=0
[2026-08-23T14:29:09.136Z] watchdog-keepalive — childRunning=true exitCount=0
[2026-08-23T14:30:09.139Z] watchdog-keepalive — childRunning=true exitCount=0
[2026-08-23T14:31:09.141Z] watchdog-keepalive — childRunning=true exitCount=0
[2026-08-23T14:32:09.142Z] watchdog-keepalive — childRunning=true exitCount=0
[2026-08-23T14:33:09.159Z] watchdog-keepalive — childRunning=true exitCount=0
[2026-08-23T14:34:09.165Z] watchdog-keepalive — childRunning=true exitCount=0
[2026-08-23T14:35:09.164Z] watchdog-keepalive — childRunning=true exitCount=0
[2026-08-23T14:36:09.166Z] watchdog-keepalive — childRunning=true exitCount=0
[2026-08-23T14:37:09.170Z] watchdog-keepalive — childRunning=true exitCount=0
[2026-08-23T14:38:09.172Z] watchdog-keepalive — childRunning=true exitCount=0
[2026-08-23T14:39:09.175Z] watchdog-keepalive — childRunning=true exitCount=0
[2026-08-23T14:40:09.176Z] watchdog-keepalive — childRunning=true exitCount=0
[2026-08-23T14:41:09.178Z] watchdog-keepalive — childRunning=true exitCount=0
[2026-08-23T14:42:09.181Z] watchdog-keepalive — childRunning=true exitCount=0
[2026-08-23T14:43:09.184Z] watchdog-keepalive — childRunning=true exitCount=0
[2026-08-23T14:44:09.198Z] watchdog-keepalive — childRunning=true exitCount=0
[2026-08-23T14:45:09.203Z] watchdog-keepalive — childRunning=true exitCount=0
[2026-08-23T14:46:09.207Z] watchdog-keepalive — childRunning=true exitCount=0
[2026-08-23T14:47:09.210Z] watchdog-keepalive — childRunning=true exitCount=0
[2026-08-23T14:48:09.225Z] watchdog-keepalive — childRunning=true exitCount=0
[2026-08-23T14:49:09.227Z] watchdog-keepalive — childRunning=true exitCount=0
[2026-08-23T14:50:09.230Z] watchdog-keepalive — childRunning=true exitCount=0
[2026-08-23T14:51:09.238Z] watchdog-keepalive — childRunning=true exitCount=0
[2026-08-23T14:52:09.252Z] watchdog-keepalive — childRunning=true exitCount=0
[2026-08-23T14:53:09.254Z] watchdog-keepalive — childRunning=true exitCount=0
[2026-08-23T14:54:09.262Z] watchdog-keepalive — childRunning=true exitCount=0
[2026-08-24T00:16:49.219Z] ====== WATCHDOG STARTING ======
[2026-08-24T00:16:49.223Z] Project dir: C:\Users\user\Documents\trae_projects\employ
[2026-08-24T00:16:49.224Z] Server entry: C:\Users\user\Documents\trae_projects\employ\server.js
[2026-08-24T00:16:49.225Z] Phase 1: cleaning port 8080
[2026-08-24T00:16:49.831Z] Launching node C:\Users\user\Documents\trae_projects\employ\server.js
[2026-08-24T00:16:49.859Z] Watchdog initialized. Event loop held permanently.
[2026-08-24T00:17:49.843Z] watchdog-keepalive — childRunning=true exitCount=0
[2026-08-24T00:18:49.845Z] watchdog-keepalive — childRunning=true exitCount=0
[2026-08-24T00:19:49.852Z] watchdog-keepalive — childRunning=true exitCount=0
[2026-08-24T00:20:49.859Z] watchdog-keepalive — childRunning=true exitCount=0
[2026-08-24T00:21:49.860Z] watchdog-keepalive — childRunning=true exitCount=0
[2026-08-24T00:22:49.862Z] watchdog-keepalive — childRunning=true exitCount=0
[2026-08-24T00:23:49.871Z] watchdog-keepalive — childRunning=true exitCount=0
[2026-08-24T00:24:49.877Z] watchdog-keepalive — childRunning=true exitCount=0
[2026-08-24T00:25:49.886Z] watchdog-keepalive — childRunning=true exitCount=0
[2026-08-24T00:26:49.890Z] watchdog-keepalive — childRunning=true exitCount=0
[2026-08-24T00:27:49.895Z] watchdog-keepalive — childRunning=true exitCount=0
[2026-08-24T00:28:49.903Z] watchdog-keepalive — childRunning=true exitCount=0
[2026-08-24T00:29:49.917Z] watchdog-keepalive — childRunning=true exitCount=0
[2026-08-24T00:30:49.930Z] watchdog-keepalive — childRunning=true exitCount=0
[2026-08-24T00:31:49.931Z] watchdog-keepalive — childRunning=true exitCount=0
[2026-08-24T00:32:49.934Z] watchdog-keepalive — childRunning=true exitCount=0
[2026-08-24T00:33:49.939Z] watchdog-keepalive — childRunning=true exitCount=0
[2026-08-24T00:34:49.949Z] watchdog-keepalive — childRunning=true exitCount=0
[2026-08-24T00:35:49.957Z] watchdog-keepalive — childRunning=true exitCount=0
[2026-08-24T00:36:49.963Z] watchdog-keepalive — childRunning=true exitCount=0
[2026-08-24T00:37:49.971Z] watchdog-keepalive — childRunning=true exitCount=0
[2026-08-24T00:38:49.983Z] watchdog-keepalive — childRunning=true exitCount=0
[2026-08-24T00:39:49.987Z] watchdog-keepalive — childRunning=true exitCount=0
[2026-08-24T00:40:49.992Z] watchdog-keepalive — childRunning=true exitCount=0
[2026-08-24T00:41:49.993Z] watchdog-keepalive — childRunning=true exitCount=0
[2026-08-24T00:42:50.006Z] watchdog-keepalive — childRunning=true exitCount=0
[2026-08-24T00:43:50.010Z] watchdog-keepalive — childRunning=true exitCount=0
[2026-08-24T00:44:50.012Z] watchdog-keepalive — childRunning=true exitCount=0
[2026-08-24T00:45:50.021Z] watchdog-keepalive — childRunning=true exitCount=0
[2026-08-24T00:46:50.023Z] watchdog-keepalive — childRunning=true exitCount=0
[2026-08-24T00:47:50.025Z] watchdog-keepalive — childRunning=true exitCount=0
[2026-08-24T00:48:50.030Z] watchdog-keepalive — childRunning=true exitCount=0
[2026-08-24T00:49:50.040Z] watchdog-keepalive — childRunning=true exitCount=0
[2026-08-24T00:50:50.042Z] watchdog-keepalive — childRunning=true exitCount=0
[2026-08-24T00:51:50.053Z] watchdog-keepalive — childRunning=true exitCount=0
[2026-08-24T00:52:50.068Z] watchdog-keepalive — childRunning=true exitCount=0
[2026-08-24T00:53:50.083Z] watchdog-keepalive — childRunning=true exitCount=0
[2026-08-24T00:54:50.089Z] watchdog-keepalive — childRunning=true exitCount=0
[2026-08-24T00:55:50.093Z] watchdog-keepalive — childRunning=true exitCount=0
[2026-08-24T00:56:50.093Z] watchdog-keepalive — childRunning=true exitCount=0
[2026-08-24T07:49:35.243Z] ====== WATCHDOG STARTING ======
[2026-08-24T07:49:35.246Z] Project dir: C:\Users\user\Documents\trae_projects\employ
[2026-08-24T07:49:35.247Z] Server entry: C:\Users\user\Documents\trae_projects\employ\server.js
[2026-08-24T07:49:35.248Z] Phase 1: cleaning port 8080
[2026-08-24T07:49:35.974Z] Launching node C:\Users\user\Documents\trae_projects\employ\server.js
[2026-08-24T07:49:36.006Z] Watchdog initialized. Event loop held permanently.
[2026-08-24T07:50:35.986Z] watchdog-keepalive — childRunning=true exitCount=0
[2026-08-24T07:51:35.988Z] watchdog-keepalive — childRunning=true exitCount=0
[2026-08-24T07:52:35.991Z] watchdog-keepalive — childRunning=true exitCount=0
[2026-08-24T07:53:35.994Z] watchdog-keepalive — childRunning=true exitCount=0
[2026-08-24T07:54:35.995Z] watchdog-keepalive — childRunning=true exitCount=0
[2026-08-24T07:55:35.998Z] watchdog-keepalive — childRunning=true exitCount=0
[2026-08-24T07:56:36.002Z] watchdog-keepalive — childRunning=true exitCount=0
[2026-08-24T07:57:36.002Z] watchdog-keepalive — childRunning=true exitCount=0
[2026-08-24T07:58:36.005Z] watchdog-keepalive — childRunning=true exitCount=0
[2026-08-24T07:59:36.007Z] watchdog-keepalive — childRunning=true exitCount=0
[2026-08-24T08:00:36.009Z] watchdog-keepalive — childRunning=true exitCount=0
[2026-08-24T08:01:36.011Z] watchdog-keepalive — childRunning=true exitCount=0
[2026-08-24T08:02:36.015Z] watchdog-keepalive — childRunning=true exitCount=0
[2026-08-24T08:03:36.017Z] watchdog-keepalive — childRunning=true exitCount=0
[2026-08-24T08:04:36.018Z] watchdog-keepalive — childRunning=true exitCount=0
[2026-08-24T08:05:36.020Z] watchdog-keepalive — childRunning=true exitCount=0
[2026-08-24T08:06:36.022Z] watchdog-keepalive — childRunning=true exitCount=0
[2026-08-24T08:07:36.024Z] watchdog-keepalive — childRunning=true exitCount=0
[2026-08-24T08:08:36.029Z] watchdog-keepalive — childRunning=true exitCount=0
[2026-08-24T08:09:36.032Z] watchdog-keepalive — childRunning=true exitCount=0
[2026-08-24T08:10:36.036Z] watchdog-keepalive — childRunning=true exitCount=0
[2026-08-24T08:11:36.039Z] watchdog-keepalive — childRunning=true exitCount=0
[2026-08-24T08:12:36.043Z] watchdog-keepalive — childRunning=true exitCount=0
[2026-08-24T08:13:36.057Z] watchdog-keepalive — childRunning=true exitCount=0
[2026-08-24T08:14:36.058Z] watchdog-keepalive — childRunning=true exitCount=0
[2026-08-24T08:15:36.059Z] watchdog-keepalive — childRunning=true exitCount=0
[2026-08-24T08:16:36.064Z] watchdog-keepalive — childRunning=true exitCount=0
[2026-08-24T08:17:36.066Z] watchdog-keepalive — childRunning=true exitCount=0
[2026-08-24T08:18:36.083Z] watchdog-keepalive — childRunning=true exitCount=0
[2026-08-24T08:19:36.087Z] watchdog-keepalive — childRunning=true exitCount=0
[2026-08-24T08:20:36.089Z] watchdog-keepalive — childRunning=true exitCount=0
[2026-08-24T08:21:36.104Z] watchdog-keepalive — childRunning=true exitCount=0
[2026-08-24T08:22:36.108Z] watchdog-keepalive — childRunning=true exitCount=0
[2026-08-24T08:23:36.121Z] watchdog-keepalive — childRunning=true exitCount=0
[2026-08-24T08:24:36.126Z] watchdog-keepalive — childRunning=true exitCount=0
[2026-08-24T08:25:36.132Z] watchdog-keepalive — childRunning=true exitCount=0
[2026-08-24T08:26:36.134Z] watchdog-keepalive — childRunning=true exitCount=0
[2026-08-24T08:27:36.136Z] watchdog-keepalive — childRunning=true exitCount=0
[2026-08-24T08:28:36.137Z] watchdog-keepalive — childRunning=true exitCount=0
[2026-08-24T08:29:36.141Z] watchdog-keepalive — childRunning=true exitCount=0
[2026-08-24T08:30:36.141Z] watchdog-keepalive — childRunning=true exitCount=0
[2026-08-24T08:31:36.146Z] watchdog-keepalive — childRunning=true exitCount=0
[2026-08-24T08:32:36.151Z] watchdog-keepalive — childRunning=true exitCount=0
[2026-08-24T08:33:36.159Z] watchdog-keepalive — childRunning=true exitCount=0
[2026-08-24T08:34:36.169Z] watchdog-keepalive — childRunning=true exitCount=0
[2026-08-24T08:35:36.176Z] watchdog-keepalive — childRunning=true exitCount=0
[2026-08-24T08:36:36.183Z] watchdog-keepalive — childRunning=true exitCount=0
[2026-08-24T08:37:36.191Z] watchdog-keepalive — childRunning=true exitCount=0
[2026-08-24T08:38:36.194Z] watchdog-keepalive — childRunning=true exitCount=0
[2026-08-24T08:39:36.198Z] watchdog-keepalive — childRunning=true exitCount=0
[2026-08-24T08:40:36.199Z] watchdog-keepalive — childRunning=true exitCount=0
[2026-08-24T08:41:36.199Z] watchdog-keepalive — childRunning=true exitCount=0
[2026-08-24T08:42:36.201Z] watchdog-keepalive — childRunning=true exitCount=0
[2026-08-24T08:43:36.214Z] watchdog-keepalive — childRunning=true exitCount=0
[2026-08-24T08:44:36.221Z] watchdog-keepalive — childRunning=true exitCount=0
[2026-08-24T08:45:36.225Z] watchdog-keepalive — childRunning=true exitCount=0
